START 
^C¨Desea terminar el trabajo por lotes (S/N)? 